// Jest Snapshot v1, https://goo.gl/fbAQLP

exports[`benchmarks benchmark cells creation: gas used emptyCell 1`] = `931n`;

exports[`benchmarks benchmark cells creation: gas used emptySlice 1`] = `935n`;

exports[`benchmarks benchmark functions: code size 1`] = `227`;

exports[`benchmarks benchmark functions: gas used 1`] = `2869n`;

exports[`benchmarks benchmark readFwdFee: code size 1`] = `173`;

exports[`benchmarks benchmark readFwdFee: gas used 1`] = `2899n`;
