// Jest Snapshot v1, https://goo.gl/fbAQLP

exports[`interpreter-evaluation short-circuit-initializations should pass compilation 1`] = `
[
  {
    "ast": {
      "id": 2,
      "kind": "primitive_type_decl",
      "loc": {},
      "name": {
        "id": 1,
        "kind": "id",
        "loc": {},
        "text": "Bool",
      },
    },
    "constants": [],
    "dependsOn": [],
    "fields": [],
    "functions": Map {},
    "header": null,
    "init": null,
    "interfaces": [],
    "kind": "primitive_type_decl",
    "name": "Bool",
    "origin": "user",
    "partialFieldCount": 0,
    "receivers": [],
    "signature": null,
    "tlb": null,
    "traits": [],
    "uid": 33424,
  },
  {
    "ast": {
      "id": 4,
      "kind": "primitive_type_decl",
      "loc": {},
      "name": {
        "id": 3,
        "kind": "id",
        "loc": {},
        "text": "Int",
      },
    },
    "constants": [],
    "dependsOn": [],
    "fields": [],
    "functions": Map {},
    "header": null,
    "init": null,
    "interfaces": [],
    "kind": "primitive_type_decl",
    "name": "Int",
    "origin": "user",
    "partialFieldCount": 0,
    "receivers": [],
    "signature": null,
    "tlb": null,
    "traits": [],
    "uid": 38154,
  },
  {
    "ast": {
      "attributes": [],
      "declarations": [],
      "id": 6,
      "kind": "trait",
      "loc": {},
      "name": {
        "id": 5,
        "kind": "id",
        "loc": {},
        "text": "BaseTrait",
      },
      "traits": [],
    },
    "constants": [],
    "dependsOn": [],
    "fields": [],
    "functions": Map {},
    "header": null,
    "init": null,
    "interfaces": [],
    "kind": "trait",
    "name": "BaseTrait",
    "origin": "user",
    "partialFieldCount": 0,
    "receivers": [],
    "signature": null,
    "tlb": null,
    "traits": [],
    "uid": 1020,
  },
  {
    "ast": {
      "fields": [
        {
          "as": null,
          "id": 63,
          "initializer": {
            "id": 62,
            "kind": "op_binary",
            "left": {
              "id": 59,
              "kind": "boolean",
              "loc": {},
              "value": true,
            },
            "loc": {},
            "op": "||",
            "right": {
              "args": [],
              "function": {
                "id": 60,
                "kind": "id",
                "loc": {},
                "text": "loop",
              },
              "id": 61,
              "kind": "static_call",
              "loc": {},
            },
          },
          "kind": "field_decl",
          "loc": {},
          "name": {
            "id": 57,
            "kind": "id",
            "loc": {},
            "text": "sOL",
          },
          "type": {
            "id": 58,
            "kind": "type_id",
            "loc": {},
            "text": "Bool",
          },
        },
        {
          "as": null,
          "id": 71,
          "initializer": {
            "id": 70,
            "kind": "op_binary",
            "left": {
              "id": 66,
              "kind": "boolean",
              "loc": {},
              "value": true,
            },
            "loc": {},
            "op": "||",
            "right": {
              "args": [
                {
                  "base": 10,
                  "id": 68,
                  "kind": "number",
                  "loc": {},
                  "value": 0n,
                },
              ],
              "function": {
                "id": 67,
                "kind": "id",
                "loc": {},
                "text": "exception",
              },
              "id": 69,
              "kind": "static_call",
              "loc": {},
            },
          },
          "kind": "field_decl",
          "loc": {},
          "name": {
            "id": 64,
            "kind": "id",
            "loc": {},
            "text": "sOE",
          },
          "type": {
            "id": 65,
            "kind": "type_id",
            "loc": {},
            "text": "Bool",
          },
        },
        {
          "as": null,
          "id": 78,
          "initializer": {
            "id": 77,
            "kind": "op_binary",
            "left": {
              "id": 74,
              "kind": "boolean",
              "loc": {},
              "value": false,
            },
            "loc": {},
            "op": "&&",
            "right": {
              "args": [],
              "function": {
                "id": 75,
                "kind": "id",
                "loc": {},
                "text": "loop",
              },
              "id": 76,
              "kind": "static_call",
              "loc": {},
            },
          },
          "kind": "field_decl",
          "loc": {},
          "name": {
            "id": 72,
            "kind": "id",
            "loc": {},
            "text": "sAL",
          },
          "type": {
            "id": 73,
            "kind": "type_id",
            "loc": {},
            "text": "Bool",
          },
        },
        {
          "as": null,
          "id": 86,
          "initializer": {
            "id": 85,
            "kind": "op_binary",
            "left": {
              "id": 81,
              "kind": "boolean",
              "loc": {},
              "value": false,
            },
            "loc": {},
            "op": "&&",
            "right": {
              "args": [
                {
                  "base": 10,
                  "id": 83,
                  "kind": "number",
                  "loc": {},
                  "value": 0n,
                },
              ],
              "function": {
                "id": 82,
                "kind": "id",
                "loc": {},
                "text": "exception",
              },
              "id": 84,
              "kind": "static_call",
              "loc": {},
            },
          },
          "kind": "field_decl",
          "loc": {},
          "name": {
            "id": 79,
            "kind": "id",
            "loc": {},
            "text": "sAE",
          },
          "type": {
            "id": 80,
            "kind": "type_id",
            "loc": {},
            "text": "Bool",
          },
        },
      ],
      "id": 87,
      "kind": "struct_decl",
      "loc": {},
      "name": {
        "id": 56,
        "kind": "id",
        "loc": {},
        "text": "STest",
      },
    },
    "constants": [],
    "dependsOn": [],
    "fields": [
      {
        "abi": {
          "name": "sOL",
          "type": {
            "kind": "simple",
            "optional": false,
            "type": "bool",
          },
        },
        "as": null,
        "ast": {
          "as": null,
          "id": 63,
          "initializer": {
            "id": 62,
            "kind": "op_binary",
            "left": {
              "id": 59,
              "kind": "boolean",
              "loc": {},
              "value": true,
            },
            "loc": {},
            "op": "||",
            "right": {
              "args": [],
              "function": {
                "id": 60,
                "kind": "id",
                "loc": {},
                "text": "loop",
              },
              "id": 61,
              "kind": "static_call",
              "loc": {},
            },
          },
          "kind": "field_decl",
          "loc": {},
          "name": {
            "id": 57,
            "kind": "id",
            "loc": {},
            "text": "sOL",
          },
          "type": {
            "id": 58,
            "kind": "type_id",
            "loc": {},
            "text": "Bool",
          },
        },
        "default": {
          "id": 152,
          "kind": "boolean",
          "loc": {},
          "value": true,
        },
        "index": 0,
        "loc": {},
        "name": "sOL",
        "type": {
          "kind": "ref",
          "name": "Bool",
          "optional": false,
        },
      },
      {
        "abi": {
          "name": "sOE",
          "type": {
            "kind": "simple",
            "optional": false,
            "type": "bool",
          },
        },
        "as": null,
        "ast": {
          "as": null,
          "id": 71,
          "initializer": {
            "id": 70,
            "kind": "op_binary",
            "left": {
              "id": 66,
              "kind": "boolean",
              "loc": {},
              "value": true,
            },
            "loc": {},
            "op": "||",
            "right": {
              "args": [
                {
                  "base": 10,
                  "id": 68,
                  "kind": "number",
                  "loc": {},
                  "value": 0n,
                },
              ],
              "function": {
                "id": 67,
                "kind": "id",
                "loc": {},
                "text": "exception",
              },
              "id": 69,
              "kind": "static_call",
              "loc": {},
            },
          },
          "kind": "field_decl",
          "loc": {},
          "name": {
            "id": 64,
            "kind": "id",
            "loc": {},
            "text": "sOE",
          },
          "type": {
            "id": 65,
            "kind": "type_id",
            "loc": {},
            "text": "Bool",
          },
        },
        "default": {
          "id": 153,
          "kind": "boolean",
          "loc": {},
          "value": true,
        },
        "index": 1,
        "loc": {},
        "name": "sOE",
        "type": {
          "kind": "ref",
          "name": "Bool",
          "optional": false,
        },
      },
      {
        "abi": {
          "name": "sAL",
          "type": {
            "kind": "simple",
            "optional": false,
            "type": "bool",
          },
        },
        "as": null,
        "ast": {
          "as": null,
          "id": 78,
          "initializer": {
            "id": 77,
            "kind": "op_binary",
            "left": {
              "id": 74,
              "kind": "boolean",
              "loc": {},
              "value": false,
            },
            "loc": {},
            "op": "&&",
            "right": {
              "args": [],
              "function": {
                "id": 75,
                "kind": "id",
                "loc": {},
                "text": "loop",
              },
              "id": 76,
              "kind": "static_call",
              "loc": {},
            },
          },
          "kind": "field_decl",
          "loc": {},
          "name": {
            "id": 72,
            "kind": "id",
            "loc": {},
            "text": "sAL",
          },
          "type": {
            "id": 73,
            "kind": "type_id",
            "loc": {},
            "text": "Bool",
          },
        },
        "default": {
          "id": 154,
          "kind": "boolean",
          "loc": {},
          "value": false,
        },
        "index": 2,
        "loc": {},
        "name": "sAL",
        "type": {
          "kind": "ref",
          "name": "Bool",
          "optional": false,
        },
      },
      {
        "abi": {
          "name": "sAE",
          "type": {
            "kind": "simple",
            "optional": false,
            "type": "bool",
          },
        },
        "as": null,
        "ast": {
          "as": null,
          "id": 86,
          "initializer": {
            "id": 85,
            "kind": "op_binary",
            "left": {
              "id": 81,
              "kind": "boolean",
              "loc": {},
              "value": false,
            },
            "loc": {},
            "op": "&&",
            "right": {
              "args": [
                {
                  "base": 10,
                  "id": 83,
                  "kind": "number",
                  "loc": {},
                  "value": 0n,
                },
              ],
              "function": {
                "id": 82,
                "kind": "id",
                "loc": {},
                "text": "exception",
              },
              "id": 84,
              "kind": "static_call",
              "loc": {},
            },
          },
          "kind": "field_decl",
          "loc": {},
          "name": {
            "id": 79,
            "kind": "id",
            "loc": {},
            "text": "sAE",
          },
          "type": {
            "id": 80,
            "kind": "type_id",
            "loc": {},
            "text": "Bool",
          },
        },
        "default": {
          "id": 155,
          "kind": "boolean",
          "loc": {},
          "value": false,
        },
        "index": 3,
        "loc": {},
        "name": "sAE",
        "type": {
          "kind": "ref",
          "name": "Bool",
          "optional": false,
        },
      },
    ],
    "functions": Map {},
    "header": null,
    "init": null,
    "interfaces": [],
    "kind": "struct",
    "name": "STest",
    "origin": "user",
    "partialFieldCount": 4,
    "receivers": [],
    "signature": "STest{sOL:bool,sOE:bool,sAL:bool,sAE:bool}",
    "tlb": "_ sOL:bool sOE:bool sAL:bool sAE:bool = STest",
    "traits": [],
    "uid": 22440,
  },
  {
    "ast": {
      "attributes": [],
      "declarations": [
        {
          "as": null,
          "id": 95,
          "initializer": {
            "id": 94,
            "kind": "op_binary",
            "left": {
              "id": 91,
              "kind": "boolean",
              "loc": {},
              "value": true,
            },
            "loc": {},
            "op": "||",
            "right": {
              "args": [],
              "function": {
                "id": 92,
                "kind": "id",
                "loc": {},
                "text": "loop",
              },
              "id": 93,
              "kind": "static_call",
              "loc": {},
            },
          },
          "kind": "field_decl",
          "loc": {},
          "name": {
            "id": 89,
            "kind": "id",
            "loc": {},
            "text": "cOL",
          },
          "type": {
            "id": 90,
            "kind": "type_id",
            "loc": {},
            "text": "Bool",
          },
        },
        {
          "as": null,
          "id": 103,
          "initializer": {
            "id": 102,
            "kind": "op_binary",
            "left": {
              "id": 98,
              "kind": "boolean",
              "loc": {},
              "value": true,
            },
            "loc": {},
            "op": "||",
            "right": {
              "args": [
                {
                  "base": 10,
                  "id": 100,
                  "kind": "number",
                  "loc": {},
                  "value": 0n,
                },
              ],
              "function": {
                "id": 99,
                "kind": "id",
                "loc": {},
                "text": "exception",
              },
              "id": 101,
              "kind": "static_call",
              "loc": {},
            },
          },
          "kind": "field_decl",
          "loc": {},
          "name": {
            "id": 96,
            "kind": "id",
            "loc": {},
            "text": "cOE",
          },
          "type": {
            "id": 97,
            "kind": "type_id",
            "loc": {},
            "text": "Bool",
          },
        },
        {
          "as": null,
          "id": 110,
          "initializer": {
            "id": 109,
            "kind": "op_binary",
            "left": {
              "id": 106,
              "kind": "boolean",
              "loc": {},
              "value": false,
            },
            "loc": {},
            "op": "&&",
            "right": {
              "args": [],
              "function": {
                "id": 107,
                "kind": "id",
                "loc": {},
                "text": "loop",
              },
              "id": 108,
              "kind": "static_call",
              "loc": {},
            },
          },
          "kind": "field_decl",
          "loc": {},
          "name": {
            "id": 104,
            "kind": "id",
            "loc": {},
            "text": "cAL",
          },
          "type": {
            "id": 105,
            "kind": "type_id",
            "loc": {},
            "text": "Bool",
          },
        },
        {
          "as": null,
          "id": 118,
          "initializer": {
            "id": 117,
            "kind": "op_binary",
            "left": {
              "id": 113,
              "kind": "boolean",
              "loc": {},
              "value": false,
            },
            "loc": {},
            "op": "&&",
            "right": {
              "args": [
                {
                  "base": 10,
                  "id": 115,
                  "kind": "number",
                  "loc": {},
                  "value": 0n,
                },
              ],
              "function": {
                "id": 114,
                "kind": "id",
                "loc": {},
                "text": "exception",
              },
              "id": 116,
              "kind": "static_call",
              "loc": {},
            },
          },
          "kind": "field_decl",
          "loc": {},
          "name": {
            "id": 111,
            "kind": "id",
            "loc": {},
            "text": "cAE",
          },
          "type": {
            "id": 112,
            "kind": "type_id",
            "loc": {},
            "text": "Bool",
          },
        },
        {
          "attributes": [],
          "id": 125,
          "initializer": {
            "id": 124,
            "kind": "op_binary",
            "left": {
              "id": 121,
              "kind": "boolean",
              "loc": {},
              "value": true,
            },
            "loc": {},
            "op": "||",
            "right": {
              "args": [],
              "function": {
                "id": 122,
                "kind": "id",
                "loc": {},
                "text": "loop",
              },
              "id": 123,
              "kind": "static_call",
              "loc": {},
            },
          },
          "kind": "constant_def",
          "loc": {},
          "name": {
            "id": 119,
            "kind": "id",
            "loc": {},
            "text": "ccOL",
          },
          "type": {
            "id": 120,
            "kind": "type_id",
            "loc": {},
            "text": "Bool",
          },
        },
        {
          "attributes": [],
          "id": 133,
          "initializer": {
            "id": 132,
            "kind": "op_binary",
            "left": {
              "id": 128,
              "kind": "boolean",
              "loc": {},
              "value": true,
            },
            "loc": {},
            "op": "||",
            "right": {
              "args": [
                {
                  "base": 10,
                  "id": 130,
                  "kind": "number",
                  "loc": {},
                  "value": 0n,
                },
              ],
              "function": {
                "id": 129,
                "kind": "id",
                "loc": {},
                "text": "exception",
              },
              "id": 131,
              "kind": "static_call",
              "loc": {},
            },
          },
          "kind": "constant_def",
          "loc": {},
          "name": {
            "id": 126,
            "kind": "id",
            "loc": {},
            "text": "ccOE",
          },
          "type": {
            "id": 127,
            "kind": "type_id",
            "loc": {},
            "text": "Bool",
          },
        },
        {
          "attributes": [],
          "id": 140,
          "initializer": {
            "id": 139,
            "kind": "op_binary",
            "left": {
              "id": 136,
              "kind": "boolean",
              "loc": {},
              "value": false,
            },
            "loc": {},
            "op": "&&",
            "right": {
              "args": [],
              "function": {
                "id": 137,
                "kind": "id",
                "loc": {},
                "text": "loop",
              },
              "id": 138,
              "kind": "static_call",
              "loc": {},
            },
          },
          "kind": "constant_def",
          "loc": {},
          "name": {
            "id": 134,
            "kind": "id",
            "loc": {},
            "text": "ccAL",
          },
          "type": {
            "id": 135,
            "kind": "type_id",
            "loc": {},
            "text": "Bool",
          },
        },
        {
          "attributes": [],
          "id": 148,
          "initializer": {
            "id": 147,
            "kind": "op_binary",
            "left": {
              "id": 143,
              "kind": "boolean",
              "loc": {},
              "value": false,
            },
            "loc": {},
            "op": "&&",
            "right": {
              "args": [
                {
                  "base": 10,
                  "id": 145,
                  "kind": "number",
                  "loc": {},
                  "value": 0n,
                },
              ],
              "function": {
                "id": 144,
                "kind": "id",
                "loc": {},
                "text": "exception",
              },
              "id": 146,
              "kind": "static_call",
              "loc": {},
            },
          },
          "kind": "constant_def",
          "loc": {},
          "name": {
            "id": 141,
            "kind": "id",
            "loc": {},
            "text": "ccAE",
          },
          "type": {
            "id": 142,
            "kind": "type_id",
            "loc": {},
            "text": "Bool",
          },
        },
      ],
      "id": 149,
      "kind": "contract",
      "loc": {},
      "name": {
        "id": 88,
        "kind": "id",
        "loc": {},
        "text": "CTest",
      },
      "traits": [],
    },
    "constants": [
      {
        "ast": {
          "attributes": [],
          "id": 125,
          "initializer": {
            "id": 124,
            "kind": "op_binary",
            "left": {
              "id": 121,
              "kind": "boolean",
              "loc": {},
              "value": true,
            },
            "loc": {},
            "op": "||",
            "right": {
              "args": [],
              "function": {
                "id": 122,
                "kind": "id",
                "loc": {},
                "text": "loop",
              },
              "id": 123,
              "kind": "static_call",
              "loc": {},
            },
          },
          "kind": "constant_def",
          "loc": {},
          "name": {
            "id": 119,
            "kind": "id",
            "loc": {},
            "text": "ccOL",
          },
          "type": {
            "id": 120,
            "kind": "type_id",
            "loc": {},
            "text": "Bool",
          },
        },
        "loc": {},
        "name": "ccOL",
        "type": {
          "kind": "ref",
          "name": "Bool",
          "optional": false,
        },
        "value": {
          "id": 160,
          "kind": "boolean",
          "loc": {},
          "value": true,
        },
      },
      {
        "ast": {
          "attributes": [],
          "id": 133,
          "initializer": {
            "id": 132,
            "kind": "op_binary",
            "left": {
              "id": 128,
              "kind": "boolean",
              "loc": {},
              "value": true,
            },
            "loc": {},
            "op": "||",
            "right": {
              "args": [
                {
                  "base": 10,
                  "id": 130,
                  "kind": "number",
                  "loc": {},
                  "value": 0n,
                },
              ],
              "function": {
                "id": 129,
                "kind": "id",
                "loc": {},
                "text": "exception",
              },
              "id": 131,
              "kind": "static_call",
              "loc": {},
            },
          },
          "kind": "constant_def",
          "loc": {},
          "name": {
            "id": 126,
            "kind": "id",
            "loc": {},
            "text": "ccOE",
          },
          "type": {
            "id": 127,
            "kind": "type_id",
            "loc": {},
            "text": "Bool",
          },
        },
        "loc": {},
        "name": "ccOE",
        "type": {
          "kind": "ref",
          "name": "Bool",
          "optional": false,
        },
        "value": {
          "id": 161,
          "kind": "boolean",
          "loc": {},
          "value": true,
        },
      },
      {
        "ast": {
          "attributes": [],
          "id": 140,
          "initializer": {
            "id": 139,
            "kind": "op_binary",
            "left": {
              "id": 136,
              "kind": "boolean",
              "loc": {},
              "value": false,
            },
            "loc": {},
            "op": "&&",
            "right": {
              "args": [],
              "function": {
                "id": 137,
                "kind": "id",
                "loc": {},
                "text": "loop",
              },
              "id": 138,
              "kind": "static_call",
              "loc": {},
            },
          },
          "kind": "constant_def",
          "loc": {},
          "name": {
            "id": 134,
            "kind": "id",
            "loc": {},
            "text": "ccAL",
          },
          "type": {
            "id": 135,
            "kind": "type_id",
            "loc": {},
            "text": "Bool",
          },
        },
        "loc": {},
        "name": "ccAL",
        "type": {
          "kind": "ref",
          "name": "Bool",
          "optional": false,
        },
        "value": {
          "id": 162,
          "kind": "boolean",
          "loc": {},
          "value": false,
        },
      },
      {
        "ast": {
          "attributes": [],
          "id": 148,
          "initializer": {
            "id": 147,
            "kind": "op_binary",
            "left": {
              "id": 143,
              "kind": "boolean",
              "loc": {},
              "value": false,
            },
            "loc": {},
            "op": "&&",
            "right": {
              "args": [
                {
                  "base": 10,
                  "id": 145,
                  "kind": "number",
                  "loc": {},
                  "value": 0n,
                },
              ],
              "function": {
                "id": 144,
                "kind": "id",
                "loc": {},
                "text": "exception",
              },
              "id": 146,
              "kind": "static_call",
              "loc": {},
            },
          },
          "kind": "constant_def",
          "loc": {},
          "name": {
            "id": 141,
            "kind": "id",
            "loc": {},
            "text": "ccAE",
          },
          "type": {
            "id": 142,
            "kind": "type_id",
            "loc": {},
            "text": "Bool",
          },
        },
        "loc": {},
        "name": "ccAE",
        "type": {
          "kind": "ref",
          "name": "Bool",
          "optional": false,
        },
        "value": {
          "id": 163,
          "kind": "boolean",
          "loc": {},
          "value": false,
        },
      },
    ],
    "dependsOn": [],
    "fields": [
      {
        "abi": {
          "name": "cOL",
          "type": {
            "kind": "simple",
            "optional": false,
            "type": "bool",
          },
        },
        "as": null,
        "ast": {
          "as": null,
          "id": 95,
          "initializer": {
            "id": 94,
            "kind": "op_binary",
            "left": {
              "id": 91,
              "kind": "boolean",
              "loc": {},
              "value": true,
            },
            "loc": {},
            "op": "||",
            "right": {
              "args": [],
              "function": {
                "id": 92,
                "kind": "id",
                "loc": {},
                "text": "loop",
              },
              "id": 93,
              "kind": "static_call",
              "loc": {},
            },
          },
          "kind": "field_decl",
          "loc": {},
          "name": {
            "id": 89,
            "kind": "id",
            "loc": {},
            "text": "cOL",
          },
          "type": {
            "id": 90,
            "kind": "type_id",
            "loc": {},
            "text": "Bool",
          },
        },
        "default": {
          "id": 156,
          "kind": "boolean",
          "loc": {},
          "value": true,
        },
        "index": 0,
        "loc": {},
        "name": "cOL",
        "type": {
          "kind": "ref",
          "name": "Bool",
          "optional": false,
        },
      },
      {
        "abi": {
          "name": "cOE",
          "type": {
            "kind": "simple",
            "optional": false,
            "type": "bool",
          },
        },
        "as": null,
        "ast": {
          "as": null,
          "id": 103,
          "initializer": {
            "id": 102,
            "kind": "op_binary",
            "left": {
              "id": 98,
              "kind": "boolean",
              "loc": {},
              "value": true,
            },
            "loc": {},
            "op": "||",
            "right": {
              "args": [
                {
                  "base": 10,
                  "id": 100,
                  "kind": "number",
                  "loc": {},
                  "value": 0n,
                },
              ],
              "function": {
                "id": 99,
                "kind": "id",
                "loc": {},
                "text": "exception",
              },
              "id": 101,
              "kind": "static_call",
              "loc": {},
            },
          },
          "kind": "field_decl",
          "loc": {},
          "name": {
            "id": 96,
            "kind": "id",
            "loc": {},
            "text": "cOE",
          },
          "type": {
            "id": 97,
            "kind": "type_id",
            "loc": {},
            "text": "Bool",
          },
        },
        "default": {
          "id": 157,
          "kind": "boolean",
          "loc": {},
          "value": true,
        },
        "index": 1,
        "loc": {},
        "name": "cOE",
        "type": {
          "kind": "ref",
          "name": "Bool",
          "optional": false,
        },
      },
      {
        "abi": {
          "name": "cAL",
          "type": {
            "kind": "simple",
            "optional": false,
            "type": "bool",
          },
        },
        "as": null,
        "ast": {
          "as": null,
          "id": 110,
          "initializer": {
            "id": 109,
            "kind": "op_binary",
            "left": {
              "id": 106,
              "kind": "boolean",
              "loc": {},
              "value": false,
            },
            "loc": {},
            "op": "&&",
            "right": {
              "args": [],
              "function": {
                "id": 107,
                "kind": "id",
                "loc": {},
                "text": "loop",
              },
              "id": 108,
              "kind": "static_call",
              "loc": {},
            },
          },
          "kind": "field_decl",
          "loc": {},
          "name": {
            "id": 104,
            "kind": "id",
            "loc": {},
            "text": "cAL",
          },
          "type": {
            "id": 105,
            "kind": "type_id",
            "loc": {},
            "text": "Bool",
          },
        },
        "default": {
          "id": 158,
          "kind": "boolean",
          "loc": {},
          "value": false,
        },
        "index": 2,
        "loc": {},
        "name": "cAL",
        "type": {
          "kind": "ref",
          "name": "Bool",
          "optional": false,
        },
      },
      {
        "abi": {
          "name": "cAE",
          "type": {
            "kind": "simple",
            "optional": false,
            "type": "bool",
          },
        },
        "as": null,
        "ast": {
          "as": null,
          "id": 118,
          "initializer": {
            "id": 117,
            "kind": "op_binary",
            "left": {
              "id": 113,
              "kind": "boolean",
              "loc": {},
              "value": false,
            },
            "loc": {},
            "op": "&&",
            "right": {
              "args": [
                {
                  "base": 10,
                  "id": 115,
                  "kind": "number",
                  "loc": {},
                  "value": 0n,
                },
              ],
              "function": {
                "id": 114,
                "kind": "id",
                "loc": {},
                "text": "exception",
              },
              "id": 116,
              "kind": "static_call",
              "loc": {},
            },
          },
          "kind": "field_decl",
          "loc": {},
          "name": {
            "id": 111,
            "kind": "id",
            "loc": {},
            "text": "cAE",
          },
          "type": {
            "id": 112,
            "kind": "type_id",
            "loc": {},
            "text": "Bool",
          },
        },
        "default": {
          "id": 159,
          "kind": "boolean",
          "loc": {},
          "value": false,
        },
        "index": 3,
        "loc": {},
        "name": "cAE",
        "type": {
          "kind": "ref",
          "name": "Bool",
          "optional": false,
        },
      },
    ],
    "functions": Map {},
    "header": null,
    "init": {
      "ast": {
        "id": 151,
        "kind": "contract_init",
        "loc": {},
        "params": [],
        "statements": [],
      },
      "params": [],
    },
    "interfaces": [],
    "kind": "contract",
    "name": "CTest",
    "origin": "user",
    "partialFieldCount": 0,
    "receivers": [],
    "signature": null,
    "tlb": null,
    "traits": [
      {
        "ast": {
          "attributes": [],
          "declarations": [],
          "id": 6,
          "kind": "trait",
          "loc": {},
          "name": {
            "id": 5,
            "kind": "id",
            "loc": {},
            "text": "BaseTrait",
          },
          "traits": [],
        },
        "constants": [],
        "dependsOn": [],
        "fields": [],
        "functions": Map {},
        "header": null,
        "init": null,
        "interfaces": [],
        "kind": "trait",
        "name": "BaseTrait",
        "origin": "user",
        "partialFieldCount": 0,
        "receivers": [],
        "signature": null,
        "tlb": null,
        "traits": [],
        "uid": 1020,
      },
    ],
    "uid": 21490,
  },
]
`;

exports[`interpreter-evaluation stack-deepness-recursion should pass compilation 1`] = `
[
  {
    "ast": {
      "id": 2,
      "kind": "primitive_type_decl",
      "loc": {},
      "name": {
        "id": 1,
        "kind": "id",
        "loc": {},
        "text": "Int",
      },
    },
    "constants": [],
    "dependsOn": [],
    "fields": [],
    "functions": Map {},
    "header": null,
    "init": null,
    "interfaces": [],
    "kind": "primitive_type_decl",
    "name": "Int",
    "origin": "user",
    "partialFieldCount": 0,
    "receivers": [],
    "signature": null,
    "tlb": null,
    "traits": [],
    "uid": 38154,
  },
]
`;
